---
source: lex/src/lib.rs
expression: tokens
---
[
    (
        TEXT,
        "abcdefghijklmnopqrstuvwxyzABCDEFGHIJKLMNOPQRSTUVWXYZ",
    ),
]
