---
source: lex/src/lib.rs
expression: tokens
---
[
    (
        NUMERIC,
        "1234567890",
    ),
]
